// Jest Snapshot v1, https://goo.gl/fbAQLP

exports[`Header component renders Header 1`] = `
<DocumentFragment>
  <header>
    <h1>
      RESTlify
    </h1>
  </header>
</DocumentFragment>
`;
